pe_area_wo_scaling: 1507.7
pe_area_with_scaling: 1507.7
PR_SCALING: 1.5
total_pe_count: 1024
pe_array_area: 1543884.8
model.decoder.layers.0.self_attn.k_proj
w_workload 1605632
i_workload 4096
o_workload 4096
col 16
cycle_dram_load_w 151362
cycle_dram_load_i 63
cycle_dram_write_o 63
cycle_layer_dram 151488
--------------------------------
model.decoder.layers.0.self_attn.v_proj
w_workload 1605632
i_workload 4096
o_workload 4096
col 16
cycle_dram_load_w 151362
cycle_dram_load_i 63
cycle_dram_write_o 63
cycle_layer_dram 151488
--------------------------------
model.decoder.layers.0.self_attn.q_proj
w_workload 1605632
i_workload 4096
o_workload 4096
col 16
cycle_dram_load_w 151362
cycle_dram_load_i 63
cycle_dram_write_o 63
cycle_layer_dram 151488
--------------------------------
model.decoder.layers.0.self_attn.out_proj
w_workload 1605632
i_workload 4096
o_workload 4096
col 16
cycle_dram_load_w 151362
cycle_dram_load_i 63
cycle_dram_write_o 63
cycle_layer_dram 151488
--------------------------------
model.decoder.layers.0.fc1
w_workload 6422528
i_workload 4096
o_workload 16384
col 16
cycle_dram_load_w 605826
cycle_dram_load_i 63
cycle_dram_write_o 1962
cycle_layer_dram 607851
--------------------------------
model.decoder.layers.0.fc2
w_workload 6422528
i_workload 16384
o_workload 4096
col 16
cycle_dram_load_w 605826
cycle_dram_load_i 1387
cycle_dram_write_o 63
cycle_layer_dram 607276
--------------------------------
model.decoder.layers.1.self_attn.k_proj
w_workload 1605632
i_workload 4096
o_workload 4096
col 16
cycle_dram_load_w 151362
cycle_dram_load_i 63
cycle_dram_write_o 63
cycle_layer_dram 151488
--------------------------------
model.decoder.layers.1.self_attn.v_proj
w_workload 1605632
i_workload 4096
o_workload 4096
col 16
cycle_dram_load_w 151362
cycle_dram_load_i 63
cycle_dram_write_o 63
cycle_layer_dram 151488
--------------------------------
model.decoder.layers.1.self_attn.q_proj
w_workload 1605632
i_workload 4096
o_workload 4096
col 16
cycle_dram_load_w 151362
cycle_dram_load_i 63
cycle_dram_write_o 63
cycle_layer_dram 151488
--------------------------------
model.decoder.layers.1.self_attn.out_proj
w_workload 1605632
i_workload 4096
o_workload 4096
col 16
cycle_dram_load_w 151362
cycle_dram_load_i 63
cycle_dram_write_o 63
cycle_layer_dram 151488
--------------------------------
model.decoder.layers.1.fc1
w_workload 6422528
i_workload 4096
o_workload 16384
col 16
cycle_dram_load_w 605826
cycle_dram_load_i 63
cycle_dram_write_o 1962
cycle_layer_dram 607851
--------------------------------
model.decoder.layers.1.fc2
w_workload 6422528
i_workload 16384
o_workload 4096
col 16
cycle_dram_load_w 605826
cycle_dram_load_i 1387
cycle_dram_write_o 63
cycle_layer_dram 607276
--------------------------------
model.decoder.layers.2.self_attn.k_proj
w_workload 1605632
i_workload 4096
o_workload 4096
col 16
cycle_dram_load_w 151362
cycle_dram_load_i 63
cycle_dram_write_o 63
cycle_layer_dram 151488
--------------------------------
model.decoder.layers.2.self_attn.v_proj
w_workload 1605632
i_workload 4096
o_workload 4096
col 16
cycle_dram_load_w 151362
cycle_dram_load_i 63
cycle_dram_write_o 63
cycle_layer_dram 151488
--------------------------------
model.decoder.layers.2.self_attn.q_proj
w_workload 1605632
i_workload 4096
o_workload 4096
col 16
cycle_dram_load_w 151362
cycle_dram_load_i 63
cycle_dram_write_o 63
cycle_layer_dram 151488
--------------------------------
model.decoder.layers.2.self_attn.out_proj
w_workload 1605632
i_workload 4096
o_workload 4096
col 16
cycle_dram_load_w 151362
cycle_dram_load_i 63
cycle_dram_write_o 63
cycle_layer_dram 151488
--------------------------------
model.decoder.layers.2.fc1
w_workload 6422528
i_workload 4096
o_workload 16384
col 16
cycle_dram_load_w 605826
cycle_dram_load_i 63
cycle_dram_write_o 1962
cycle_layer_dram 607851
--------------------------------
model.decoder.layers.2.fc2
w_workload 6422528
i_workload 16384
o_workload 4096
col 16
cycle_dram_load_w 605826
cycle_dram_load_i 1387
cycle_dram_write_o 63
cycle_layer_dram 607276
--------------------------------
model.decoder.layers.3.self_attn.k_proj
w_workload 1605632
i_workload 4096
o_workload 4096
col 16
cycle_dram_load_w 151362
cycle_dram_load_i 63
cycle_dram_write_o 63
cycle_layer_dram 151488
--------------------------------
model.decoder.layers.3.self_attn.v_proj
w_workload 1605632
i_workload 4096
o_workload 4096
col 16
cycle_dram_load_w 151362
cycle_dram_load_i 63
cycle_dram_write_o 63
cycle_layer_dram 151488
--------------------------------
model.decoder.layers.3.self_attn.q_proj
w_workload 1605632
i_workload 4096
o_workload 4096
col 16
cycle_dram_load_w 151362
cycle_dram_load_i 63
cycle_dram_write_o 63
cycle_layer_dram 151488
--------------------------------
model.decoder.layers.3.self_attn.out_proj
w_workload 1605632
i_workload 4096
o_workload 4096
col 16
cycle_dram_load_w 151362
cycle_dram_load_i 63
cycle_dram_write_o 63
cycle_layer_dram 151488
--------------------------------
model.decoder.layers.3.fc1
w_workload 6422528
i_workload 4096
o_workload 16384
col 16
cycle_dram_load_w 605826
cycle_dram_load_i 63
cycle_dram_write_o 1962
cycle_layer_dram 607851
--------------------------------
model.decoder.layers.3.fc2
w_workload 6422528
i_workload 16384
o_workload 4096
col 16
cycle_dram_load_w 605826
cycle_dram_load_i 1387
cycle_dram_write_o 63
cycle_layer_dram 607276
--------------------------------
model.decoder.layers.4.self_attn.k_proj
w_workload 1605632
i_workload 4096
o_workload 4096
col 16
cycle_dram_load_w 151362
cycle_dram_load_i 63
cycle_dram_write_o 63
cycle_layer_dram 151488
--------------------------------
model.decoder.layers.4.self_attn.v_proj
w_workload 1605632
i_workload 4096
o_workload 4096
col 16
cycle_dram_load_w 151362
cycle_dram_load_i 63
cycle_dram_write_o 63
cycle_layer_dram 151488
--------------------------------
model.decoder.layers.4.self_attn.q_proj
w_workload 1605632
i_workload 4096
o_workload 4096
col 16
cycle_dram_load_w 151362
cycle_dram_load_i 63
cycle_dram_write_o 63
cycle_layer_dram 151488
--------------------------------
model.decoder.layers.4.self_attn.out_proj
w_workload 1605632
i_workload 4096
o_workload 4096
col 16
cycle_dram_load_w 151362
cycle_dram_load_i 63
cycle_dram_write_o 63
cycle_layer_dram 151488
--------------------------------
model.decoder.layers.4.fc1
w_workload 6422528
i_workload 4096
o_workload 16384
col 16
cycle_dram_load_w 605826
cycle_dram_load_i 63
cycle_dram_write_o 1962
cycle_layer_dram 607851
--------------------------------
model.decoder.layers.4.fc2
w_workload 6422528
i_workload 16384
o_workload 4096
col 16
cycle_dram_load_w 605826
cycle_dram_load_i 1387
cycle_dram_write_o 63
cycle_layer_dram 607276
--------------------------------
model.decoder.layers.5.self_attn.k_proj
w_workload 1605632
i_workload 4096
o_workload 4096
col 16
cycle_dram_load_w 151362
cycle_dram_load_i 63
cycle_dram_write_o 63
cycle_layer_dram 151488
--------------------------------
model.decoder.layers.5.self_attn.v_proj
w_workload 1605632
i_workload 4096
o_workload 4096
col 16
cycle_dram_load_w 151362
cycle_dram_load_i 63
cycle_dram_write_o 63
cycle_layer_dram 151488
--------------------------------
model.decoder.layers.5.self_attn.q_proj
w_workload 1605632
i_workload 4096
o_workload 4096
col 16
cycle_dram_load_w 151362
cycle_dram_load_i 63
cycle_dram_write_o 63
cycle_layer_dram 151488
--------------------------------
model.decoder.layers.5.self_attn.out_proj
w_workload 1605632
i_workload 4096
o_workload 4096
col 16
cycle_dram_load_w 151362
cycle_dram_load_i 63
cycle_dram_write_o 63
cycle_layer_dram 151488
--------------------------------
model.decoder.layers.5.fc1
w_workload 6422528
i_workload 4096
o_workload 16384
col 16
cycle_dram_load_w 605826
cycle_dram_load_i 63
cycle_dram_write_o 1962
cycle_layer_dram 607851
--------------------------------
model.decoder.layers.5.fc2
w_workload 6422528
i_workload 16384
o_workload 4096
col 16
cycle_dram_load_w 605826
cycle_dram_load_i 1387
cycle_dram_write_o 63
cycle_layer_dram 607276
--------------------------------
model.decoder.layers.6.self_attn.k_proj
w_workload 1605632
i_workload 4096
o_workload 4096
col 16
cycle_dram_load_w 151362
cycle_dram_load_i 63
cycle_dram_write_o 63
cycle_layer_dram 151488
--------------------------------
model.decoder.layers.6.self_attn.v_proj
w_workload 1605632
i_workload 4096
o_workload 4096
col 16
cycle_dram_load_w 151362
cycle_dram_load_i 63
cycle_dram_write_o 63
cycle_layer_dram 151488
--------------------------------
model.decoder.layers.6.self_attn.q_proj
w_workload 1605632
i_workload 4096
o_workload 4096
col 16
cycle_dram_load_w 151362
cycle_dram_load_i 63
cycle_dram_write_o 63
cycle_layer_dram 151488
--------------------------------
model.decoder.layers.6.self_attn.out_proj
w_workload 1605632
i_workload 4096
o_workload 4096
col 16
cycle_dram_load_w 151362
cycle_dram_load_i 63
cycle_dram_write_o 63
cycle_layer_dram 151488
--------------------------------
model.decoder.layers.6.fc1
w_workload 6422528
i_workload 4096
o_workload 16384
col 16
cycle_dram_load_w 605826
cycle_dram_load_i 63
cycle_dram_write_o 1962
cycle_layer_dram 607851
--------------------------------
model.decoder.layers.6.fc2
w_workload 6422528
i_workload 16384
o_workload 4096
col 16
cycle_dram_load_w 605826
cycle_dram_load_i 1387
cycle_dram_write_o 63
cycle_layer_dram 607276
--------------------------------
model.decoder.layers.7.self_attn.k_proj
w_workload 1605632
i_workload 4096
o_workload 4096
col 16
cycle_dram_load_w 151362
cycle_dram_load_i 63
cycle_dram_write_o 63
cycle_layer_dram 151488
--------------------------------
model.decoder.layers.7.self_attn.v_proj
w_workload 1605632
i_workload 4096
o_workload 4096
col 16
cycle_dram_load_w 151362
cycle_dram_load_i 63
cycle_dram_write_o 63
cycle_layer_dram 151488
--------------------------------
model.decoder.layers.7.self_attn.q_proj
w_workload 1605632
i_workload 4096
o_workload 4096
col 16
cycle_dram_load_w 151362
cycle_dram_load_i 63
cycle_dram_write_o 63
cycle_layer_dram 151488
--------------------------------
model.decoder.layers.7.self_attn.out_proj
w_workload 1605632
i_workload 4096
o_workload 4096
col 16
cycle_dram_load_w 151362
cycle_dram_load_i 63
cycle_dram_write_o 63
cycle_layer_dram 151488
--------------------------------
model.decoder.layers.7.fc1
w_workload 6422528
i_workload 4096
o_workload 16384
col 16
cycle_dram_load_w 605826
cycle_dram_load_i 63
cycle_dram_write_o 1962
cycle_layer_dram 607851
--------------------------------
model.decoder.layers.7.fc2
w_workload 6422528
i_workload 16384
o_workload 4096
col 16
cycle_dram_load_w 605826
cycle_dram_load_i 1387
cycle_dram_write_o 63
cycle_layer_dram 607276
--------------------------------
model.decoder.layers.8.self_attn.k_proj
w_workload 1605632
i_workload 4096
o_workload 4096
col 16
cycle_dram_load_w 151362
cycle_dram_load_i 63
cycle_dram_write_o 63
cycle_layer_dram 151488
--------------------------------
model.decoder.layers.8.self_attn.v_proj
w_workload 1605632
i_workload 4096
o_workload 4096
col 16
cycle_dram_load_w 151362
cycle_dram_load_i 63
cycle_dram_write_o 63
cycle_layer_dram 151488
--------------------------------
model.decoder.layers.8.self_attn.q_proj
w_workload 1605632
i_workload 4096
o_workload 4096
col 16
cycle_dram_load_w 151362
cycle_dram_load_i 63
cycle_dram_write_o 63
cycle_layer_dram 151488
--------------------------------
model.decoder.layers.8.self_attn.out_proj
w_workload 1605632
i_workload 4096
o_workload 4096
col 16
cycle_dram_load_w 151362
cycle_dram_load_i 63
cycle_dram_write_o 63
cycle_layer_dram 151488
--------------------------------
model.decoder.layers.8.fc1
w_workload 6422528
i_workload 4096
o_workload 16384
col 16
cycle_dram_load_w 605826
cycle_dram_load_i 63
cycle_dram_write_o 1962
cycle_layer_dram 607851
--------------------------------
model.decoder.layers.8.fc2
w_workload 6422528
i_workload 16384
o_workload 4096
col 16
cycle_dram_load_w 605826
cycle_dram_load_i 1387
cycle_dram_write_o 63
cycle_layer_dram 607276
--------------------------------
model.decoder.layers.9.self_attn.k_proj
w_workload 1605632
i_workload 4096
o_workload 4096
col 16
cycle_dram_load_w 151362
cycle_dram_load_i 63
cycle_dram_write_o 63
cycle_layer_dram 151488
--------------------------------
model.decoder.layers.9.self_attn.v_proj
w_workload 1605632
i_workload 4096
o_workload 4096
col 16
cycle_dram_load_w 151362
cycle_dram_load_i 63
cycle_dram_write_o 63
cycle_layer_dram 151488
--------------------------------
model.decoder.layers.9.self_attn.q_proj
w_workload 1605632
i_workload 4096
o_workload 4096
col 16
cycle_dram_load_w 151362
cycle_dram_load_i 63
cycle_dram_write_o 63
cycle_layer_dram 151488
--------------------------------
model.decoder.layers.9.self_attn.out_proj
w_workload 1605632
i_workload 4096
o_workload 4096
col 16
cycle_dram_load_w 151362
cycle_dram_load_i 63
cycle_dram_write_o 63
cycle_layer_dram 151488
--------------------------------
model.decoder.layers.9.fc1
w_workload 6422528
i_workload 4096
o_workload 16384
col 16
cycle_dram_load_w 605826
cycle_dram_load_i 63
cycle_dram_write_o 1962
cycle_layer_dram 607851
--------------------------------
model.decoder.layers.9.fc2
w_workload 6422528
i_workload 16384
o_workload 4096
col 16
cycle_dram_load_w 605826
cycle_dram_load_i 1387
cycle_dram_write_o 63
cycle_layer_dram 607276
--------------------------------
model.decoder.layers.10.self_attn.k_proj
w_workload 1605632
i_workload 4096
o_workload 4096
col 16
cycle_dram_load_w 151362
cycle_dram_load_i 63
cycle_dram_write_o 63
cycle_layer_dram 151488
--------------------------------
model.decoder.layers.10.self_attn.v_proj
w_workload 1605632
i_workload 4096
o_workload 4096
col 16
cycle_dram_load_w 151362
cycle_dram_load_i 63
cycle_dram_write_o 63
cycle_layer_dram 151488
--------------------------------
model.decoder.layers.10.self_attn.q_proj
w_workload 1605632
i_workload 4096
o_workload 4096
col 16
cycle_dram_load_w 151362
cycle_dram_load_i 63
cycle_dram_write_o 63
cycle_layer_dram 151488
--------------------------------
model.decoder.layers.10.self_attn.out_proj
w_workload 1605632
i_workload 4096
o_workload 4096
col 16
cycle_dram_load_w 151362
cycle_dram_load_i 63
cycle_dram_write_o 63
cycle_layer_dram 151488
--------------------------------
model.decoder.layers.10.fc1
w_workload 6422528
i_workload 4096
o_workload 16384
col 16
cycle_dram_load_w 605826
cycle_dram_load_i 63
cycle_dram_write_o 1962
cycle_layer_dram 607851
--------------------------------
model.decoder.layers.10.fc2
w_workload 6422528
i_workload 16384
o_workload 4096
col 16
cycle_dram_load_w 605826
cycle_dram_load_i 1387
cycle_dram_write_o 63
cycle_layer_dram 607276
--------------------------------
model.decoder.layers.11.self_attn.k_proj
w_workload 1605632
i_workload 4096
o_workload 4096
col 16
cycle_dram_load_w 151362
cycle_dram_load_i 63
cycle_dram_write_o 63
cycle_layer_dram 151488
--------------------------------
model.decoder.layers.11.self_attn.v_proj
w_workload 1605632
i_workload 4096
o_workload 4096
col 16
cycle_dram_load_w 151362
cycle_dram_load_i 63
cycle_dram_write_o 63
cycle_layer_dram 151488
--------------------------------
model.decoder.layers.11.self_attn.q_proj
w_workload 1605632
i_workload 4096
o_workload 4096
col 16
cycle_dram_load_w 151362
cycle_dram_load_i 63
cycle_dram_write_o 63
cycle_layer_dram 151488
--------------------------------
model.decoder.layers.11.self_attn.out_proj
w_workload 1605632
i_workload 4096
o_workload 4096
col 16
cycle_dram_load_w 151362
cycle_dram_load_i 63
cycle_dram_write_o 63
cycle_layer_dram 151488
--------------------------------
model.decoder.layers.11.fc1
w_workload 6422528
i_workload 4096
o_workload 16384
col 16
cycle_dram_load_w 605826
cycle_dram_load_i 63
cycle_dram_write_o 1962
cycle_layer_dram 607851
--------------------------------
model.decoder.layers.11.fc2
w_workload 6422528
i_workload 16384
o_workload 4096
col 16
cycle_dram_load_w 605826
cycle_dram_load_i 1387
cycle_dram_write_o 63
cycle_layer_dram 607276
--------------------------------
model.decoder.layers.12.self_attn.k_proj
w_workload 1605632
i_workload 4096
o_workload 4096
col 16
cycle_dram_load_w 151362
cycle_dram_load_i 63
cycle_dram_write_o 63
cycle_layer_dram 151488
--------------------------------
model.decoder.layers.12.self_attn.v_proj
w_workload 1605632
i_workload 4096
o_workload 4096
col 16
cycle_dram_load_w 151362
cycle_dram_load_i 63
cycle_dram_write_o 63
cycle_layer_dram 151488
--------------------------------
model.decoder.layers.12.self_attn.q_proj
w_workload 1605632
i_workload 4096
o_workload 4096
col 16
cycle_dram_load_w 151362
cycle_dram_load_i 63
cycle_dram_write_o 63
cycle_layer_dram 151488
--------------------------------
model.decoder.layers.12.self_attn.out_proj
w_workload 1605632
i_workload 4096
o_workload 4096
col 16
cycle_dram_load_w 151362
cycle_dram_load_i 63
cycle_dram_write_o 63
cycle_layer_dram 151488
--------------------------------
model.decoder.layers.12.fc1
w_workload 6422528
i_workload 4096
o_workload 16384
col 16
cycle_dram_load_w 605826
cycle_dram_load_i 63
cycle_dram_write_o 1962
cycle_layer_dram 607851
--------------------------------
model.decoder.layers.12.fc2
w_workload 6422528
i_workload 16384
o_workload 4096
col 16
cycle_dram_load_w 605826
cycle_dram_load_i 1387
cycle_dram_write_o 63
cycle_layer_dram 607276
--------------------------------
model.decoder.layers.13.self_attn.k_proj
w_workload 1605632
i_workload 4096
o_workload 4096
col 16
cycle_dram_load_w 151362
cycle_dram_load_i 63
cycle_dram_write_o 63
cycle_layer_dram 151488
--------------------------------
model.decoder.layers.13.self_attn.v_proj
w_workload 1605632
i_workload 4096
o_workload 4096
col 16
cycle_dram_load_w 151362
cycle_dram_load_i 63
cycle_dram_write_o 63
cycle_layer_dram 151488
--------------------------------
model.decoder.layers.13.self_attn.q_proj
w_workload 1605632
i_workload 4096
o_workload 4096
col 16
cycle_dram_load_w 151362
cycle_dram_load_i 63
cycle_dram_write_o 63
cycle_layer_dram 151488
--------------------------------
model.decoder.layers.13.self_attn.out_proj
w_workload 1605632
i_workload 4096
o_workload 4096
col 16
cycle_dram_load_w 151362
cycle_dram_load_i 63
cycle_dram_write_o 63
cycle_layer_dram 151488
--------------------------------
model.decoder.layers.13.fc1
w_workload 6422528
i_workload 4096
o_workload 16384
col 16
cycle_dram_load_w 605826
cycle_dram_load_i 63
cycle_dram_write_o 1962
cycle_layer_dram 607851
--------------------------------
model.decoder.layers.13.fc2
w_workload 6422528
i_workload 16384
o_workload 4096
col 16
cycle_dram_load_w 605826
cycle_dram_load_i 1387
cycle_dram_write_o 63
cycle_layer_dram 607276
--------------------------------
model.decoder.layers.14.self_attn.k_proj
w_workload 1605632
i_workload 4096
o_workload 4096
col 16
cycle_dram_load_w 151362
cycle_dram_load_i 63
cycle_dram_write_o 63
cycle_layer_dram 151488
--------------------------------
model.decoder.layers.14.self_attn.v_proj
w_workload 1605632
i_workload 4096
o_workload 4096
col 16
cycle_dram_load_w 151362
cycle_dram_load_i 63
cycle_dram_write_o 63
cycle_layer_dram 151488
--------------------------------
model.decoder.layers.14.self_attn.q_proj
w_workload 1605632
i_workload 4096
o_workload 4096
col 16
cycle_dram_load_w 151362
cycle_dram_load_i 63
cycle_dram_write_o 63
cycle_layer_dram 151488
--------------------------------
model.decoder.layers.14.self_attn.out_proj
w_workload 1605632
i_workload 4096
o_workload 4096
col 16
cycle_dram_load_w 151362
cycle_dram_load_i 63
cycle_dram_write_o 63
cycle_layer_dram 151488
--------------------------------
model.decoder.layers.14.fc1
w_workload 6422528
i_workload 4096
o_workload 16384
col 16
cycle_dram_load_w 605826
cycle_dram_load_i 63
cycle_dram_write_o 1962
cycle_layer_dram 607851
--------------------------------
model.decoder.layers.14.fc2
w_workload 6422528
i_workload 16384
o_workload 4096
col 16
cycle_dram_load_w 605826
cycle_dram_load_i 1387
cycle_dram_write_o 63
cycle_layer_dram 607276
--------------------------------
model.decoder.layers.15.self_attn.k_proj
w_workload 1605632
i_workload 4096
o_workload 4096
col 16
cycle_dram_load_w 151362
cycle_dram_load_i 63
cycle_dram_write_o 63
cycle_layer_dram 151488
--------------------------------
model.decoder.layers.15.self_attn.v_proj
w_workload 1605632
i_workload 4096
o_workload 4096
col 16
cycle_dram_load_w 151362
cycle_dram_load_i 63
cycle_dram_write_o 63
cycle_layer_dram 151488
--------------------------------
model.decoder.layers.15.self_attn.q_proj
w_workload 1605632
i_workload 4096
o_workload 4096
col 16
cycle_dram_load_w 151362
cycle_dram_load_i 63
cycle_dram_write_o 63
cycle_layer_dram 151488
--------------------------------
model.decoder.layers.15.self_attn.out_proj
w_workload 1605632
i_workload 4096
o_workload 4096
col 16
cycle_dram_load_w 151362
cycle_dram_load_i 63
cycle_dram_write_o 63
cycle_layer_dram 151488
--------------------------------
model.decoder.layers.15.fc1
w_workload 6422528
i_workload 4096
o_workload 16384
col 16
cycle_dram_load_w 605826
cycle_dram_load_i 63
cycle_dram_write_o 1962
cycle_layer_dram 607851
--------------------------------
model.decoder.layers.15.fc2
w_workload 6422528
i_workload 16384
o_workload 4096
col 16
cycle_dram_load_w 605826
cycle_dram_load_i 1387
cycle_dram_write_o 63
cycle_layer_dram 607276
--------------------------------
model.decoder.layers.16.self_attn.k_proj
w_workload 1605632
i_workload 4096
o_workload 4096
col 16
cycle_dram_load_w 151362
cycle_dram_load_i 63
cycle_dram_write_o 63
cycle_layer_dram 151488
--------------------------------
model.decoder.layers.16.self_attn.v_proj
w_workload 1605632
i_workload 4096
o_workload 4096
col 16
cycle_dram_load_w 151362
cycle_dram_load_i 63
cycle_dram_write_o 63
cycle_layer_dram 151488
--------------------------------
model.decoder.layers.16.self_attn.q_proj
w_workload 1605632
i_workload 4096
o_workload 4096
col 16
cycle_dram_load_w 151362
cycle_dram_load_i 63
cycle_dram_write_o 63
cycle_layer_dram 151488
--------------------------------
model.decoder.layers.16.self_attn.out_proj
w_workload 1605632
i_workload 4096
o_workload 4096
col 16
cycle_dram_load_w 151362
cycle_dram_load_i 63
cycle_dram_write_o 63
cycle_layer_dram 151488
--------------------------------
model.decoder.layers.16.fc1
w_workload 6422528
i_workload 4096
o_workload 16384
col 16
cycle_dram_load_w 605826
cycle_dram_load_i 63
cycle_dram_write_o 1962
cycle_layer_dram 607851
--------------------------------
model.decoder.layers.16.fc2
w_workload 6422528
i_workload 16384
o_workload 4096
col 16
cycle_dram_load_w 605826
cycle_dram_load_i 1387
cycle_dram_write_o 63
cycle_layer_dram 607276
--------------------------------
model.decoder.layers.17.self_attn.k_proj
w_workload 1605632
i_workload 4096
o_workload 4096
col 16
cycle_dram_load_w 151362
cycle_dram_load_i 63
cycle_dram_write_o 63
cycle_layer_dram 151488
--------------------------------
model.decoder.layers.17.self_attn.v_proj
w_workload 1605632
i_workload 4096
o_workload 4096
col 16
cycle_dram_load_w 151362
cycle_dram_load_i 63
cycle_dram_write_o 63
cycle_layer_dram 151488
--------------------------------
model.decoder.layers.17.self_attn.q_proj
w_workload 1605632
i_workload 4096
o_workload 4096
col 16
cycle_dram_load_w 151362
cycle_dram_load_i 63
cycle_dram_write_o 63
cycle_layer_dram 151488
--------------------------------
model.decoder.layers.17.self_attn.out_proj
w_workload 1605632
i_workload 4096
o_workload 4096
col 16
cycle_dram_load_w 151362
cycle_dram_load_i 63
cycle_dram_write_o 63
cycle_layer_dram 151488
--------------------------------
model.decoder.layers.17.fc1
w_workload 6422528
i_workload 4096
o_workload 16384
col 16
cycle_dram_load_w 605826
cycle_dram_load_i 63
cycle_dram_write_o 1962
cycle_layer_dram 607851
--------------------------------
model.decoder.layers.17.fc2
w_workload 6422528
i_workload 16384
o_workload 4096
col 16
cycle_dram_load_w 605826
cycle_dram_load_i 1387
cycle_dram_write_o 63
cycle_layer_dram 607276
--------------------------------
model.decoder.layers.18.self_attn.k_proj
w_workload 1605632
i_workload 4096
o_workload 4096
col 16
cycle_dram_load_w 151362
cycle_dram_load_i 63
cycle_dram_write_o 63
cycle_layer_dram 151488
--------------------------------
model.decoder.layers.18.self_attn.v_proj
w_workload 1605632
i_workload 4096
o_workload 4096
col 16
cycle_dram_load_w 151362
cycle_dram_load_i 63
cycle_dram_write_o 63
cycle_layer_dram 151488
--------------------------------
model.decoder.layers.18.self_attn.q_proj
w_workload 1605632
i_workload 4096
o_workload 4096
col 16
cycle_dram_load_w 151362
cycle_dram_load_i 63
cycle_dram_write_o 63
cycle_layer_dram 151488
--------------------------------
model.decoder.layers.18.self_attn.out_proj
w_workload 1605632
i_workload 4096
o_workload 4096
col 16
cycle_dram_load_w 151362
cycle_dram_load_i 63
cycle_dram_write_o 63
cycle_layer_dram 151488
--------------------------------
model.decoder.layers.18.fc1
w_workload 6422528
i_workload 4096
o_workload 16384
col 16
cycle_dram_load_w 605826
cycle_dram_load_i 63
cycle_dram_write_o 1962
cycle_layer_dram 607851
--------------------------------
model.decoder.layers.18.fc2
w_workload 6422528
i_workload 16384
o_workload 4096
col 16
cycle_dram_load_w 605826
cycle_dram_load_i 1387
cycle_dram_write_o 63
cycle_layer_dram 607276
--------------------------------
model.decoder.layers.19.self_attn.k_proj
w_workload 1605632
i_workload 4096
o_workload 4096
col 16
cycle_dram_load_w 151362
cycle_dram_load_i 63
cycle_dram_write_o 63
cycle_layer_dram 151488
--------------------------------
model.decoder.layers.19.self_attn.v_proj
w_workload 1605632
i_workload 4096
o_workload 4096
col 16
cycle_dram_load_w 151362
cycle_dram_load_i 63
cycle_dram_write_o 63
cycle_layer_dram 151488
--------------------------------
model.decoder.layers.19.self_attn.q_proj
w_workload 1605632
i_workload 4096
o_workload 4096
col 16
cycle_dram_load_w 151362
cycle_dram_load_i 63
cycle_dram_write_o 63
cycle_layer_dram 151488
--------------------------------
model.decoder.layers.19.self_attn.out_proj
w_workload 1605632
i_workload 4096
o_workload 4096
col 16
cycle_dram_load_w 151362
cycle_dram_load_i 63
cycle_dram_write_o 63
cycle_layer_dram 151488
--------------------------------
model.decoder.layers.19.fc1
w_workload 6422528
i_workload 4096
o_workload 16384
col 16
cycle_dram_load_w 605826
cycle_dram_load_i 63
cycle_dram_write_o 1962
cycle_layer_dram 607851
--------------------------------
model.decoder.layers.19.fc2
w_workload 6422528
i_workload 16384
o_workload 4096
col 16
cycle_dram_load_w 605826
cycle_dram_load_i 1387
cycle_dram_write_o 63
cycle_layer_dram 607276
--------------------------------
model.decoder.layers.20.self_attn.k_proj
w_workload 1605632
i_workload 4096
o_workload 4096
col 16
cycle_dram_load_w 151362
cycle_dram_load_i 63
cycle_dram_write_o 63
cycle_layer_dram 151488
--------------------------------
model.decoder.layers.20.self_attn.v_proj
w_workload 1605632
i_workload 4096
o_workload 4096
col 16
cycle_dram_load_w 151362
cycle_dram_load_i 63
cycle_dram_write_o 63
cycle_layer_dram 151488
--------------------------------
model.decoder.layers.20.self_attn.q_proj
w_workload 1605632
i_workload 4096
o_workload 4096
col 16
cycle_dram_load_w 151362
cycle_dram_load_i 63
cycle_dram_write_o 63
cycle_layer_dram 151488
--------------------------------
model.decoder.layers.20.self_attn.out_proj
w_workload 1605632
i_workload 4096
o_workload 4096
col 16
cycle_dram_load_w 151362
cycle_dram_load_i 63
cycle_dram_write_o 63
cycle_layer_dram 151488
--------------------------------
model.decoder.layers.20.fc1
w_workload 6422528
i_workload 4096
o_workload 16384
col 16
cycle_dram_load_w 605826
cycle_dram_load_i 63
cycle_dram_write_o 1962
cycle_layer_dram 607851
--------------------------------
model.decoder.layers.20.fc2
w_workload 6422528
i_workload 16384
o_workload 4096
col 16
cycle_dram_load_w 605826
cycle_dram_load_i 1387
cycle_dram_write_o 63
cycle_layer_dram 607276
--------------------------------
model.decoder.layers.21.self_attn.k_proj
w_workload 1605632
i_workload 4096
o_workload 4096
col 16
cycle_dram_load_w 151362
cycle_dram_load_i 63
cycle_dram_write_o 63
cycle_layer_dram 151488
--------------------------------
model.decoder.layers.21.self_attn.v_proj
w_workload 1605632
i_workload 4096
o_workload 4096
col 16
cycle_dram_load_w 151362
cycle_dram_load_i 63
cycle_dram_write_o 63
cycle_layer_dram 151488
--------------------------------
model.decoder.layers.21.self_attn.q_proj
w_workload 1605632
i_workload 4096
o_workload 4096
col 16
cycle_dram_load_w 151362
cycle_dram_load_i 63
cycle_dram_write_o 63
cycle_layer_dram 151488
--------------------------------
model.decoder.layers.21.self_attn.out_proj
w_workload 1605632
i_workload 4096
o_workload 4096
col 16
cycle_dram_load_w 151362
cycle_dram_load_i 63
cycle_dram_write_o 63
cycle_layer_dram 151488
--------------------------------
model.decoder.layers.21.fc1
w_workload 6422528
i_workload 4096
o_workload 16384
col 16
cycle_dram_load_w 605826
cycle_dram_load_i 63
cycle_dram_write_o 1962
cycle_layer_dram 607851
--------------------------------
model.decoder.layers.21.fc2
w_workload 6422528
i_workload 16384
o_workload 4096
col 16
cycle_dram_load_w 605826
cycle_dram_load_i 1387
cycle_dram_write_o 63
cycle_layer_dram 607276
--------------------------------
model.decoder.layers.22.self_attn.k_proj
w_workload 1605632
i_workload 4096
o_workload 4096
col 16
cycle_dram_load_w 151362
cycle_dram_load_i 63
cycle_dram_write_o 63
cycle_layer_dram 151488
--------------------------------
model.decoder.layers.22.self_attn.v_proj
w_workload 1605632
i_workload 4096
o_workload 4096
col 16
cycle_dram_load_w 151362
cycle_dram_load_i 63
cycle_dram_write_o 63
cycle_layer_dram 151488
--------------------------------
model.decoder.layers.22.self_attn.q_proj
w_workload 1605632
i_workload 4096
o_workload 4096
col 16
cycle_dram_load_w 151362
cycle_dram_load_i 63
cycle_dram_write_o 63
cycle_layer_dram 151488
--------------------------------
model.decoder.layers.22.self_attn.out_proj
w_workload 1605632
i_workload 4096
o_workload 4096
col 16
cycle_dram_load_w 151362
cycle_dram_load_i 63
cycle_dram_write_o 63
cycle_layer_dram 151488
--------------------------------
model.decoder.layers.22.fc1
w_workload 6422528
i_workload 4096
o_workload 16384
col 16
cycle_dram_load_w 605826
cycle_dram_load_i 63
cycle_dram_write_o 1962
cycle_layer_dram 607851
--------------------------------
model.decoder.layers.22.fc2
w_workload 6422528
i_workload 16384
o_workload 4096
col 16
cycle_dram_load_w 605826
cycle_dram_load_i 1387
cycle_dram_write_o 63
cycle_layer_dram 607276
--------------------------------
model.decoder.layers.23.self_attn.k_proj
w_workload 1605632
i_workload 4096
o_workload 4096
col 16
cycle_dram_load_w 151362
cycle_dram_load_i 63
cycle_dram_write_o 63
cycle_layer_dram 151488
--------------------------------
model.decoder.layers.23.self_attn.v_proj
w_workload 1605632
i_workload 4096
o_workload 4096
col 16
cycle_dram_load_w 151362
cycle_dram_load_i 63
cycle_dram_write_o 63
cycle_layer_dram 151488
--------------------------------
model.decoder.layers.23.self_attn.q_proj
w_workload 1605632
i_workload 4096
o_workload 4096
col 16
cycle_dram_load_w 151362
cycle_dram_load_i 63
cycle_dram_write_o 63
cycle_layer_dram 151488
--------------------------------
model.decoder.layers.23.self_attn.out_proj
w_workload 1605632
i_workload 4096
o_workload 4096
col 16
cycle_dram_load_w 151362
cycle_dram_load_i 63
cycle_dram_write_o 63
cycle_layer_dram 151488
--------------------------------
model.decoder.layers.23.fc1
w_workload 6422528
i_workload 4096
o_workload 16384
col 16
cycle_dram_load_w 605826
cycle_dram_load_i 63
cycle_dram_write_o 1962
cycle_layer_dram 607851
--------------------------------
model.decoder.layers.23.fc2
w_workload 6422528
i_workload 16384
o_workload 4096
col 16
cycle_dram_load_w 605826
cycle_dram_load_i 1387
cycle_dram_write_o 63
cycle_layer_dram 607276
--------------------------------
lm_head
w_workload 39413248
i_workload 4096
o_workload 100544
col 16
cycle_dram_load_w 3722877
cycle_dram_load_i 63
cycle_dram_write_o 14013
cycle_layer_dram 3736953
--------------------------------
model.layers.0.self_attn.attn_qk
w_workload 4096
i_workload 131072
o_workload 64
col 16
cycle_dram_load_w 63
cycle_dram_load_i 12131
cycle_dram_write_o 1
cycle_layer_dram 12195
--------------------------------
model.layers.0.self_attn.attn_v
w_workload 16384
i_workload 4096
o_workload 64
col 16
cycle_dram_load_w 1387
cycle_dram_load_i 63
cycle_dram_write_o 1
cycle_layer_dram 1451
--------------------------------
model.layers.1.self_attn.attn_qk
w_workload 4096
i_workload 131072
o_workload 64
col 16
cycle_dram_load_w 63
cycle_dram_load_i 12131
cycle_dram_write_o 1
cycle_layer_dram 12195
--------------------------------
model.layers.1.self_attn.attn_v
w_workload 16384
i_workload 4096
o_workload 64
col 16
cycle_dram_load_w 1387
cycle_dram_load_i 63
cycle_dram_write_o 1
cycle_layer_dram 1451
--------------------------------
model.layers.2.self_attn.attn_qk
w_workload 4096
i_workload 131072
o_workload 64
col 16
cycle_dram_load_w 63
cycle_dram_load_i 12131
cycle_dram_write_o 1
cycle_layer_dram 12195
--------------------------------
model.layers.2.self_attn.attn_v
w_workload 16384
i_workload 4096
o_workload 64
col 16
cycle_dram_load_w 1387
cycle_dram_load_i 63
cycle_dram_write_o 1
cycle_layer_dram 1451
--------------------------------
model.layers.3.self_attn.attn_qk
w_workload 4096
i_workload 131072
o_workload 64
col 16
cycle_dram_load_w 63
cycle_dram_load_i 12131
cycle_dram_write_o 1
cycle_layer_dram 12195
--------------------------------
model.layers.3.self_attn.attn_v
w_workload 16384
i_workload 4096
o_workload 64
col 16
cycle_dram_load_w 1387
cycle_dram_load_i 63
cycle_dram_write_o 1
cycle_layer_dram 1451
--------------------------------
model.layers.4.self_attn.attn_qk
w_workload 4096
i_workload 131072
o_workload 64
col 16
cycle_dram_load_w 63
cycle_dram_load_i 12131
cycle_dram_write_o 1
cycle_layer_dram 12195
--------------------------------
model.layers.4.self_attn.attn_v
w_workload 16384
i_workload 4096
o_workload 64
col 16
cycle_dram_load_w 1387
cycle_dram_load_i 63
cycle_dram_write_o 1
cycle_layer_dram 1451
--------------------------------
model.layers.5.self_attn.attn_qk
w_workload 4096
i_workload 131072
o_workload 64
col 16
cycle_dram_load_w 63
cycle_dram_load_i 12131
cycle_dram_write_o 1
cycle_layer_dram 12195
--------------------------------
model.layers.5.self_attn.attn_v
w_workload 16384
i_workload 4096
o_workload 64
col 16
cycle_dram_load_w 1387
cycle_dram_load_i 63
cycle_dram_write_o 1
cycle_layer_dram 1451
--------------------------------
model.layers.6.self_attn.attn_qk
w_workload 4096
i_workload 131072
o_workload 64
col 16
cycle_dram_load_w 63
cycle_dram_load_i 12131
cycle_dram_write_o 1
cycle_layer_dram 12195
--------------------------------
model.layers.6.self_attn.attn_v
w_workload 16384
i_workload 4096
o_workload 64
col 16
cycle_dram_load_w 1387
cycle_dram_load_i 63
cycle_dram_write_o 1
cycle_layer_dram 1451
--------------------------------
model.layers.7.self_attn.attn_qk
w_workload 4096
i_workload 131072
o_workload 64
col 16
cycle_dram_load_w 63
cycle_dram_load_i 12131
cycle_dram_write_o 1
cycle_layer_dram 12195
--------------------------------
model.layers.7.self_attn.attn_v
w_workload 16384
i_workload 4096
o_workload 64
col 16
cycle_dram_load_w 1387
cycle_dram_load_i 63
cycle_dram_write_o 1
cycle_layer_dram 1451
--------------------------------
model.layers.8.self_attn.attn_qk
w_workload 4096
i_workload 131072
o_workload 64
col 16
cycle_dram_load_w 63
cycle_dram_load_i 12131
cycle_dram_write_o 1
cycle_layer_dram 12195
--------------------------------
model.layers.8.self_attn.attn_v
w_workload 16384
i_workload 4096
o_workload 64
col 16
cycle_dram_load_w 1387
cycle_dram_load_i 63
cycle_dram_write_o 1
cycle_layer_dram 1451
--------------------------------
model.layers.9.self_attn.attn_qk
w_workload 4096
i_workload 131072
o_workload 64
col 16
cycle_dram_load_w 63
cycle_dram_load_i 12131
cycle_dram_write_o 1
cycle_layer_dram 12195
--------------------------------
model.layers.9.self_attn.attn_v
w_workload 16384
i_workload 4096
o_workload 64
col 16
cycle_dram_load_w 1387
cycle_dram_load_i 63
cycle_dram_write_o 1
cycle_layer_dram 1451
--------------------------------
model.layers.10.self_attn.attn_qk
w_workload 4096
i_workload 131072
o_workload 64
col 16
cycle_dram_load_w 63
cycle_dram_load_i 12131
cycle_dram_write_o 1
cycle_layer_dram 12195
--------------------------------
model.layers.10.self_attn.attn_v
w_workload 16384
i_workload 4096
o_workload 64
col 16
cycle_dram_load_w 1387
cycle_dram_load_i 63
cycle_dram_write_o 1
cycle_layer_dram 1451
--------------------------------
model.layers.11.self_attn.attn_qk
w_workload 4096
i_workload 131072
o_workload 64
col 16
cycle_dram_load_w 63
cycle_dram_load_i 12131
cycle_dram_write_o 1
cycle_layer_dram 12195
--------------------------------
model.layers.11.self_attn.attn_v
w_workload 16384
i_workload 4096
o_workload 64
col 16
cycle_dram_load_w 1387
cycle_dram_load_i 63
cycle_dram_write_o 1
cycle_layer_dram 1451
--------------------------------
model.layers.12.self_attn.attn_qk
w_workload 4096
i_workload 131072
o_workload 64
col 16
cycle_dram_load_w 63
cycle_dram_load_i 12131
cycle_dram_write_o 1
cycle_layer_dram 12195
--------------------------------
model.layers.12.self_attn.attn_v
w_workload 16384
i_workload 4096
o_workload 64
col 16
cycle_dram_load_w 1387
cycle_dram_load_i 63
cycle_dram_write_o 1
cycle_layer_dram 1451
--------------------------------
model.layers.13.self_attn.attn_qk
w_workload 4096
i_workload 131072
o_workload 64
col 16
cycle_dram_load_w 63
cycle_dram_load_i 12131
cycle_dram_write_o 1
cycle_layer_dram 12195
--------------------------------
model.layers.13.self_attn.attn_v
w_workload 16384
i_workload 4096
o_workload 64
col 16
cycle_dram_load_w 1387
cycle_dram_load_i 63
cycle_dram_write_o 1
cycle_layer_dram 1451
--------------------------------
model.layers.14.self_attn.attn_qk
w_workload 4096
i_workload 131072
o_workload 64
col 16
cycle_dram_load_w 63
cycle_dram_load_i 12131
cycle_dram_write_o 1
cycle_layer_dram 12195
--------------------------------
model.layers.14.self_attn.attn_v
w_workload 16384
i_workload 4096
o_workload 64
col 16
cycle_dram_load_w 1387
cycle_dram_load_i 63
cycle_dram_write_o 1
cycle_layer_dram 1451
--------------------------------
model.layers.15.self_attn.attn_qk
w_workload 4096
i_workload 131072
o_workload 64
col 16
cycle_dram_load_w 63
cycle_dram_load_i 12131
cycle_dram_write_o 1
cycle_layer_dram 12195
--------------------------------
model.layers.15.self_attn.attn_v
w_workload 16384
i_workload 4096
o_workload 64
col 16
cycle_dram_load_w 1387
cycle_dram_load_i 63
cycle_dram_write_o 1
cycle_layer_dram 1451
--------------------------------
model.layers.16.self_attn.attn_qk
w_workload 4096
i_workload 131072
o_workload 64
col 16
cycle_dram_load_w 63
cycle_dram_load_i 12131
cycle_dram_write_o 1
cycle_layer_dram 12195
--------------------------------
model.layers.16.self_attn.attn_v
w_workload 16384
i_workload 4096
o_workload 64
col 16
cycle_dram_load_w 1387
cycle_dram_load_i 63
cycle_dram_write_o 1
cycle_layer_dram 1451
--------------------------------
model.layers.17.self_attn.attn_qk
w_workload 4096
i_workload 131072
o_workload 64
col 16
cycle_dram_load_w 63
cycle_dram_load_i 12131
cycle_dram_write_o 1
cycle_layer_dram 12195
--------------------------------
model.layers.17.self_attn.attn_v
w_workload 16384
i_workload 4096
o_workload 64
col 16
cycle_dram_load_w 1387
cycle_dram_load_i 63
cycle_dram_write_o 1
cycle_layer_dram 1451
--------------------------------
model.layers.18.self_attn.attn_qk
w_workload 4096
i_workload 131072
o_workload 64
col 16
cycle_dram_load_w 63
cycle_dram_load_i 12131
cycle_dram_write_o 1
cycle_layer_dram 12195
--------------------------------
model.layers.18.self_attn.attn_v
w_workload 16384
i_workload 4096
o_workload 64
col 16
cycle_dram_load_w 1387
cycle_dram_load_i 63
cycle_dram_write_o 1
cycle_layer_dram 1451
--------------------------------
model.layers.19.self_attn.attn_qk
w_workload 4096
i_workload 131072
o_workload 64
col 16
cycle_dram_load_w 63
cycle_dram_load_i 12131
cycle_dram_write_o 1
cycle_layer_dram 12195
--------------------------------
model.layers.19.self_attn.attn_v
w_workload 16384
i_workload 4096
o_workload 64
col 16
cycle_dram_load_w 1387
cycle_dram_load_i 63
cycle_dram_write_o 1
cycle_layer_dram 1451
--------------------------------
model.layers.20.self_attn.attn_qk
w_workload 4096
i_workload 131072
o_workload 64
col 16
cycle_dram_load_w 63
cycle_dram_load_i 12131
cycle_dram_write_o 1
cycle_layer_dram 12195
--------------------------------
model.layers.20.self_attn.attn_v
w_workload 16384
i_workload 4096
o_workload 64
col 16
cycle_dram_load_w 1387
cycle_dram_load_i 63
cycle_dram_write_o 1
cycle_layer_dram 1451
--------------------------------
model.layers.21.self_attn.attn_qk
w_workload 4096
i_workload 131072
o_workload 64
col 16
cycle_dram_load_w 63
cycle_dram_load_i 12131
cycle_dram_write_o 1
cycle_layer_dram 12195
--------------------------------
model.layers.21.self_attn.attn_v
w_workload 16384
i_workload 4096
o_workload 64
col 16
cycle_dram_load_w 1387
cycle_dram_load_i 63
cycle_dram_write_o 1
cycle_layer_dram 1451
--------------------------------
model.layers.22.self_attn.attn_qk
w_workload 4096
i_workload 131072
o_workload 64
col 16
cycle_dram_load_w 63
cycle_dram_load_i 12131
cycle_dram_write_o 1
cycle_layer_dram 12195
--------------------------------
model.layers.22.self_attn.attn_v
w_workload 16384
i_workload 4096
o_workload 64
col 16
cycle_dram_load_w 1387
cycle_dram_load_i 63
cycle_dram_write_o 1
cycle_layer_dram 1451
--------------------------------
model.layers.23.self_attn.attn_qk
w_workload 4096
i_workload 131072
o_workload 64
col 16
cycle_dram_load_w 63
cycle_dram_load_i 12131
cycle_dram_write_o 1
cycle_layer_dram 12195
--------------------------------
model.layers.23.self_attn.attn_v
w_workload 16384
i_workload 4096
o_workload 64
col 16
cycle_dram_load_w 1387
cycle_dram_load_i 63
cycle_dram_write_o 1
cycle_layer_dram 1451
--------------------------------
layer name  model.decoder.layers.0.self_attn.k_proj
cycle_layer_dram
151488
--------------------------------
layer name  model.decoder.layers.0.self_attn.v_proj
cycle_layer_dram
151488
--------------------------------
layer name  model.decoder.layers.0.self_attn.q_proj
cycle_layer_dram
151488
--------------------------------
layer name  model.decoder.layers.0.self_attn.out_proj
cycle_layer_dram
151488
--------------------------------
layer name  model.decoder.layers.0.fc1
cycle_layer_dram
607851
--------------------------------
layer name  model.decoder.layers.0.fc2
cycle_layer_dram
607276
--------------------------------
layer name  model.decoder.layers.1.self_attn.k_proj
cycle_layer_dram
151488
--------------------------------
layer name  model.decoder.layers.1.self_attn.v_proj
cycle_layer_dram
151488
--------------------------------
layer name  model.decoder.layers.1.self_attn.q_proj
cycle_layer_dram
151488
--------------------------------
layer name  model.decoder.layers.1.self_attn.out_proj
cycle_layer_dram
151488
--------------------------------
layer name  model.decoder.layers.1.fc1
cycle_layer_dram
607851
--------------------------------
layer name  model.decoder.layers.1.fc2
cycle_layer_dram
607276
--------------------------------
layer name  model.decoder.layers.2.self_attn.k_proj
cycle_layer_dram
151488
--------------------------------
layer name  model.decoder.layers.2.self_attn.v_proj
cycle_layer_dram
151488
--------------------------------
layer name  model.decoder.layers.2.self_attn.q_proj
cycle_layer_dram
151488
--------------------------------
layer name  model.decoder.layers.2.self_attn.out_proj
cycle_layer_dram
151488
--------------------------------
layer name  model.decoder.layers.2.fc1
cycle_layer_dram
607851
--------------------------------
layer name  model.decoder.layers.2.fc2
cycle_layer_dram
607276
--------------------------------
layer name  model.decoder.layers.3.self_attn.k_proj
cycle_layer_dram
151488
--------------------------------
layer name  model.decoder.layers.3.self_attn.v_proj
cycle_layer_dram
151488
--------------------------------
layer name  model.decoder.layers.3.self_attn.q_proj
cycle_layer_dram
151488
--------------------------------
layer name  model.decoder.layers.3.self_attn.out_proj
cycle_layer_dram
151488
--------------------------------
layer name  model.decoder.layers.3.fc1
cycle_layer_dram
607851
--------------------------------
layer name  model.decoder.layers.3.fc2
cycle_layer_dram
607276
--------------------------------
layer name  model.decoder.layers.4.self_attn.k_proj
cycle_layer_dram
151488
--------------------------------
layer name  model.decoder.layers.4.self_attn.v_proj
cycle_layer_dram
151488
--------------------------------
layer name  model.decoder.layers.4.self_attn.q_proj
cycle_layer_dram
151488
--------------------------------
layer name  model.decoder.layers.4.self_attn.out_proj
cycle_layer_dram
151488
--------------------------------
layer name  model.decoder.layers.4.fc1
cycle_layer_dram
607851
--------------------------------
layer name  model.decoder.layers.4.fc2
cycle_layer_dram
607276
--------------------------------
layer name  model.decoder.layers.5.self_attn.k_proj
cycle_layer_dram
151488
--------------------------------
layer name  model.decoder.layers.5.self_attn.v_proj
cycle_layer_dram
151488
--------------------------------
layer name  model.decoder.layers.5.self_attn.q_proj
cycle_layer_dram
151488
--------------------------------
layer name  model.decoder.layers.5.self_attn.out_proj
cycle_layer_dram
151488
--------------------------------
layer name  model.decoder.layers.5.fc1
cycle_layer_dram
607851
--------------------------------
layer name  model.decoder.layers.5.fc2
cycle_layer_dram
607276
--------------------------------
layer name  model.decoder.layers.6.self_attn.k_proj
cycle_layer_dram
151488
--------------------------------
layer name  model.decoder.layers.6.self_attn.v_proj
cycle_layer_dram
151488
--------------------------------
layer name  model.decoder.layers.6.self_attn.q_proj
cycle_layer_dram
151488
--------------------------------
layer name  model.decoder.layers.6.self_attn.out_proj
cycle_layer_dram
151488
--------------------------------
layer name  model.decoder.layers.6.fc1
cycle_layer_dram
607851
--------------------------------
layer name  model.decoder.layers.6.fc2
cycle_layer_dram
607276
--------------------------------
layer name  model.decoder.layers.7.self_attn.k_proj
cycle_layer_dram
151488
--------------------------------
layer name  model.decoder.layers.7.self_attn.v_proj
cycle_layer_dram
151488
--------------------------------
layer name  model.decoder.layers.7.self_attn.q_proj
cycle_layer_dram
151488
--------------------------------
layer name  model.decoder.layers.7.self_attn.out_proj
cycle_layer_dram
151488
--------------------------------
layer name  model.decoder.layers.7.fc1
cycle_layer_dram
607851
--------------------------------
layer name  model.decoder.layers.7.fc2
cycle_layer_dram
607276
--------------------------------
layer name  model.decoder.layers.8.self_attn.k_proj
cycle_layer_dram
151488
--------------------------------
layer name  model.decoder.layers.8.self_attn.v_proj
cycle_layer_dram
151488
--------------------------------
layer name  model.decoder.layers.8.self_attn.q_proj
cycle_layer_dram
151488
--------------------------------
layer name  model.decoder.layers.8.self_attn.out_proj
cycle_layer_dram
151488
--------------------------------
layer name  model.decoder.layers.8.fc1
cycle_layer_dram
607851
--------------------------------
layer name  model.decoder.layers.8.fc2
cycle_layer_dram
607276
--------------------------------
layer name  model.decoder.layers.9.self_attn.k_proj
cycle_layer_dram
151488
--------------------------------
layer name  model.decoder.layers.9.self_attn.v_proj
cycle_layer_dram
151488
--------------------------------
layer name  model.decoder.layers.9.self_attn.q_proj
cycle_layer_dram
151488
--------------------------------
layer name  model.decoder.layers.9.self_attn.out_proj
cycle_layer_dram
151488
--------------------------------
layer name  model.decoder.layers.9.fc1
cycle_layer_dram
607851
--------------------------------
layer name  model.decoder.layers.9.fc2
cycle_layer_dram
607276
--------------------------------
layer name  model.decoder.layers.10.self_attn.k_proj
cycle_layer_dram
151488
--------------------------------
layer name  model.decoder.layers.10.self_attn.v_proj
cycle_layer_dram
151488
--------------------------------
layer name  model.decoder.layers.10.self_attn.q_proj
cycle_layer_dram
151488
--------------------------------
layer name  model.decoder.layers.10.self_attn.out_proj
cycle_layer_dram
151488
--------------------------------
layer name  model.decoder.layers.10.fc1
cycle_layer_dram
607851
--------------------------------
layer name  model.decoder.layers.10.fc2
cycle_layer_dram
607276
--------------------------------
layer name  model.decoder.layers.11.self_attn.k_proj
cycle_layer_dram
151488
--------------------------------
layer name  model.decoder.layers.11.self_attn.v_proj
cycle_layer_dram
151488
--------------------------------
layer name  model.decoder.layers.11.self_attn.q_proj
cycle_layer_dram
151488
--------------------------------
layer name  model.decoder.layers.11.self_attn.out_proj
cycle_layer_dram
151488
--------------------------------
layer name  model.decoder.layers.11.fc1
cycle_layer_dram
607851
--------------------------------
layer name  model.decoder.layers.11.fc2
cycle_layer_dram
607276
--------------------------------
layer name  model.decoder.layers.12.self_attn.k_proj
cycle_layer_dram
151488
--------------------------------
layer name  model.decoder.layers.12.self_attn.v_proj
cycle_layer_dram
151488
--------------------------------
layer name  model.decoder.layers.12.self_attn.q_proj
cycle_layer_dram
151488
--------------------------------
layer name  model.decoder.layers.12.self_attn.out_proj
cycle_layer_dram
151488
--------------------------------
layer name  model.decoder.layers.12.fc1
cycle_layer_dram
607851
--------------------------------
layer name  model.decoder.layers.12.fc2
cycle_layer_dram
607276
--------------------------------
layer name  model.decoder.layers.13.self_attn.k_proj
cycle_layer_dram
151488
--------------------------------
layer name  model.decoder.layers.13.self_attn.v_proj
cycle_layer_dram
151488
--------------------------------
layer name  model.decoder.layers.13.self_attn.q_proj
cycle_layer_dram
151488
--------------------------------
layer name  model.decoder.layers.13.self_attn.out_proj
cycle_layer_dram
151488
--------------------------------
layer name  model.decoder.layers.13.fc1
cycle_layer_dram
607851
--------------------------------
layer name  model.decoder.layers.13.fc2
cycle_layer_dram
607276
--------------------------------
layer name  model.decoder.layers.14.self_attn.k_proj
cycle_layer_dram
151488
--------------------------------
layer name  model.decoder.layers.14.self_attn.v_proj
cycle_layer_dram
151488
--------------------------------
layer name  model.decoder.layers.14.self_attn.q_proj
cycle_layer_dram
151488
--------------------------------
layer name  model.decoder.layers.14.self_attn.out_proj
cycle_layer_dram
151488
--------------------------------
layer name  model.decoder.layers.14.fc1
cycle_layer_dram
607851
--------------------------------
layer name  model.decoder.layers.14.fc2
cycle_layer_dram
607276
--------------------------------
layer name  model.decoder.layers.15.self_attn.k_proj
cycle_layer_dram
151488
--------------------------------
layer name  model.decoder.layers.15.self_attn.v_proj
cycle_layer_dram
151488
--------------------------------
layer name  model.decoder.layers.15.self_attn.q_proj
cycle_layer_dram
151488
--------------------------------
layer name  model.decoder.layers.15.self_attn.out_proj
cycle_layer_dram
151488
--------------------------------
layer name  model.decoder.layers.15.fc1
cycle_layer_dram
607851
--------------------------------
layer name  model.decoder.layers.15.fc2
cycle_layer_dram
607276
--------------------------------
layer name  model.decoder.layers.16.self_attn.k_proj
cycle_layer_dram
151488
--------------------------------
layer name  model.decoder.layers.16.self_attn.v_proj
cycle_layer_dram
151488
--------------------------------
layer name  model.decoder.layers.16.self_attn.q_proj
cycle_layer_dram
151488
--------------------------------
layer name  model.decoder.layers.16.self_attn.out_proj
cycle_layer_dram
151488
--------------------------------
layer name  model.decoder.layers.16.fc1
cycle_layer_dram
607851
--------------------------------
layer name  model.decoder.layers.16.fc2
cycle_layer_dram
607276
--------------------------------
layer name  model.decoder.layers.17.self_attn.k_proj
cycle_layer_dram
151488
--------------------------------
layer name  model.decoder.layers.17.self_attn.v_proj
cycle_layer_dram
151488
--------------------------------
layer name  model.decoder.layers.17.self_attn.q_proj
cycle_layer_dram
151488
--------------------------------
layer name  model.decoder.layers.17.self_attn.out_proj
cycle_layer_dram
151488
--------------------------------
layer name  model.decoder.layers.17.fc1
cycle_layer_dram
607851
--------------------------------
layer name  model.decoder.layers.17.fc2
cycle_layer_dram
607276
--------------------------------
layer name  model.decoder.layers.18.self_attn.k_proj
cycle_layer_dram
151488
--------------------------------
layer name  model.decoder.layers.18.self_attn.v_proj
cycle_layer_dram
151488
--------------------------------
layer name  model.decoder.layers.18.self_attn.q_proj
cycle_layer_dram
151488
--------------------------------
layer name  model.decoder.layers.18.self_attn.out_proj
cycle_layer_dram
151488
--------------------------------
layer name  model.decoder.layers.18.fc1
cycle_layer_dram
607851
--------------------------------
layer name  model.decoder.layers.18.fc2
cycle_layer_dram
607276
--------------------------------
layer name  model.decoder.layers.19.self_attn.k_proj
cycle_layer_dram
151488
--------------------------------
layer name  model.decoder.layers.19.self_attn.v_proj
cycle_layer_dram
151488
--------------------------------
layer name  model.decoder.layers.19.self_attn.q_proj
cycle_layer_dram
151488
--------------------------------
layer name  model.decoder.layers.19.self_attn.out_proj
cycle_layer_dram
151488
--------------------------------
layer name  model.decoder.layers.19.fc1
cycle_layer_dram
607851
--------------------------------
layer name  model.decoder.layers.19.fc2
cycle_layer_dram
607276
--------------------------------
layer name  model.decoder.layers.20.self_attn.k_proj
cycle_layer_dram
151488
--------------------------------
layer name  model.decoder.layers.20.self_attn.v_proj
cycle_layer_dram
151488
--------------------------------
layer name  model.decoder.layers.20.self_attn.q_proj
cycle_layer_dram
151488
--------------------------------
layer name  model.decoder.layers.20.self_attn.out_proj
cycle_layer_dram
151488
--------------------------------
layer name  model.decoder.layers.20.fc1
cycle_layer_dram
607851
--------------------------------
layer name  model.decoder.layers.20.fc2
cycle_layer_dram
607276
--------------------------------
layer name  model.decoder.layers.21.self_attn.k_proj
cycle_layer_dram
151488
--------------------------------
layer name  model.decoder.layers.21.self_attn.v_proj
cycle_layer_dram
151488
--------------------------------
layer name  model.decoder.layers.21.self_attn.q_proj
cycle_layer_dram
151488
--------------------------------
layer name  model.decoder.layers.21.self_attn.out_proj
cycle_layer_dram
151488
--------------------------------
layer name  model.decoder.layers.21.fc1
cycle_layer_dram
607851
--------------------------------
layer name  model.decoder.layers.21.fc2
cycle_layer_dram
607276
--------------------------------
layer name  model.decoder.layers.22.self_attn.k_proj
cycle_layer_dram
151488
--------------------------------
layer name  model.decoder.layers.22.self_attn.v_proj
cycle_layer_dram
151488
--------------------------------
layer name  model.decoder.layers.22.self_attn.q_proj
cycle_layer_dram
151488
--------------------------------
layer name  model.decoder.layers.22.self_attn.out_proj
cycle_layer_dram
151488
--------------------------------
layer name  model.decoder.layers.22.fc1
cycle_layer_dram
607851
--------------------------------
layer name  model.decoder.layers.22.fc2
cycle_layer_dram
607276
--------------------------------
layer name  model.decoder.layers.23.self_attn.k_proj
cycle_layer_dram
151488
--------------------------------
layer name  model.decoder.layers.23.self_attn.v_proj
cycle_layer_dram
151488
--------------------------------
layer name  model.decoder.layers.23.self_attn.q_proj
cycle_layer_dram
151488
--------------------------------
layer name  model.decoder.layers.23.self_attn.out_proj
cycle_layer_dram
151488
--------------------------------
layer name  model.decoder.layers.23.fc1
cycle_layer_dram
607851
--------------------------------
layer name  model.decoder.layers.23.fc2
cycle_layer_dram
607276
--------------------------------
layer name  lm_head
cycle_layer_dram
3736953
--------------------------------
layer name  model.layers.0.self_attn.attn_qk
cycle_layer_dram
12195
--------------------------------
layer name  model.layers.0.self_attn.attn_v
cycle_layer_dram
1451
--------------------------------
layer name  model.layers.1.self_attn.attn_qk
cycle_layer_dram
12195
--------------------------------
layer name  model.layers.1.self_attn.attn_v
cycle_layer_dram
1451
--------------------------------
layer name  model.layers.2.self_attn.attn_qk
cycle_layer_dram
12195
--------------------------------
layer name  model.layers.2.self_attn.attn_v
cycle_layer_dram
1451
--------------------------------
layer name  model.layers.3.self_attn.attn_qk
cycle_layer_dram
12195
--------------------------------
layer name  model.layers.3.self_attn.attn_v
cycle_layer_dram
1451
--------------------------------
layer name  model.layers.4.self_attn.attn_qk
cycle_layer_dram
12195
--------------------------------
layer name  model.layers.4.self_attn.attn_v
cycle_layer_dram
1451
--------------------------------
layer name  model.layers.5.self_attn.attn_qk
cycle_layer_dram
12195
--------------------------------
layer name  model.layers.5.self_attn.attn_v
cycle_layer_dram
1451
--------------------------------
layer name  model.layers.6.self_attn.attn_qk
cycle_layer_dram
12195
--------------------------------
layer name  model.layers.6.self_attn.attn_v
cycle_layer_dram
1451
--------------------------------
layer name  model.layers.7.self_attn.attn_qk
cycle_layer_dram
12195
--------------------------------
layer name  model.layers.7.self_attn.attn_v
cycle_layer_dram
1451
--------------------------------
layer name  model.layers.8.self_attn.attn_qk
cycle_layer_dram
12195
--------------------------------
layer name  model.layers.8.self_attn.attn_v
cycle_layer_dram
1451
--------------------------------
layer name  model.layers.9.self_attn.attn_qk
cycle_layer_dram
12195
--------------------------------
layer name  model.layers.9.self_attn.attn_v
cycle_layer_dram
1451
--------------------------------
layer name  model.layers.10.self_attn.attn_qk
cycle_layer_dram
12195
--------------------------------
layer name  model.layers.10.self_attn.attn_v
cycle_layer_dram
1451
--------------------------------
layer name  model.layers.11.self_attn.attn_qk
cycle_layer_dram
12195
--------------------------------
layer name  model.layers.11.self_attn.attn_v
cycle_layer_dram
1451
--------------------------------
layer name  model.layers.12.self_attn.attn_qk
cycle_layer_dram
12195
--------------------------------
layer name  model.layers.12.self_attn.attn_v
cycle_layer_dram
1451
--------------------------------
layer name  model.layers.13.self_attn.attn_qk
cycle_layer_dram
12195
--------------------------------
layer name  model.layers.13.self_attn.attn_v
cycle_layer_dram
1451
--------------------------------
layer name  model.layers.14.self_attn.attn_qk
cycle_layer_dram
12195
--------------------------------
layer name  model.layers.14.self_attn.attn_v
cycle_layer_dram
1451
--------------------------------
layer name  model.layers.15.self_attn.attn_qk
cycle_layer_dram
12195
--------------------------------
layer name  model.layers.15.self_attn.attn_v
cycle_layer_dram
1451
--------------------------------
layer name  model.layers.16.self_attn.attn_qk
cycle_layer_dram
12195
--------------------------------
layer name  model.layers.16.self_attn.attn_v
cycle_layer_dram
1451
--------------------------------
layer name  model.layers.17.self_attn.attn_qk
cycle_layer_dram
12195
--------------------------------
layer name  model.layers.17.self_attn.attn_v
cycle_layer_dram
1451
--------------------------------
layer name  model.layers.18.self_attn.attn_qk
cycle_layer_dram
12195
--------------------------------
layer name  model.layers.18.self_attn.attn_v
cycle_layer_dram
1451
--------------------------------
layer name  model.layers.19.self_attn.attn_qk
cycle_layer_dram
12195
--------------------------------
layer name  model.layers.19.self_attn.attn_v
cycle_layer_dram
1451
--------------------------------
layer name  model.layers.20.self_attn.attn_qk
cycle_layer_dram
12195
--------------------------------
layer name  model.layers.20.self_attn.attn_v
cycle_layer_dram
1451
--------------------------------
layer name  model.layers.21.self_attn.attn_qk
cycle_layer_dram
12195
--------------------------------
layer name  model.layers.21.self_attn.attn_v
cycle_layer_dram
1451
--------------------------------
layer name  model.layers.22.self_attn.attn_qk
cycle_layer_dram
12195
--------------------------------
layer name  model.layers.22.self_attn.attn_v
cycle_layer_dram
1451
--------------------------------
layer name  model.layers.23.self_attn.attn_qk
cycle_layer_dram
12195
--------------------------------
layer name  model.layers.23.self_attn.attn_v
cycle_layer_dram
1451
--------------------------------
model: facebook/opt-1.3b
total cycle:        (10294272, 47770353)
pe array area:      1.5438848 mm2
weight buffer area: 1.601896 mm2
input buffer area:  1.601896 mm2
dram energy:        76117.2 uJ
on-chip energy:     10470.3664494592 uJ
total energy:       86587.56644945919 uJ


Latency: [47770353]
Energy: [[10470, 86588]]
